{
  "unreleased": {
    "deprecated": [],
    "fixed": [],
    "removed": [],
    "added": [],
    "security": [],
    "changed": []
  }
}
